../Core/Src/main.c:200:5:main	8	static
../Core/Src/main.c:338:6:SystemClock_Config	96	static
../Core/Src/main.c:388:13:MX_TIM17_Init	8	static
../Core/Src/main.c:420:13:MX_USART2_UART_Init	8	static
../Core/Src/main.c:455:13:MX_GPIO_Init	48	static
../Core/Src/main.c:548:6:HAL_GPIO_EXTI_Callback	32	static
../Core/Src/main.c:580:1:__io_putchar	16	static
../Core/Src/main.c:590:5:random_wait	24	static
../Core/Src/main.c:611:6:Default_Task	16	static
../Core/Src/main.c:629:6:NotifyToggleTask	24	static
../Core/Src/main.c:651:6:SW_Timer_Task	16	static
../Core/Src/main.c:676:6:Mutex_CountUpTask	16	static
../Core/Src/main.c:704:6:Mutex_CountDownTask	16	static
../Core/Src/main.c:729:6:UpdateGlobDisplayProcess	16	static
../Core/Src/main.c:752:6:ResetGlobalTask	16	static
../Core/Src/main.c:780:6:StartDebounce	24	static
../Core/Src/main.c:810:6:Semaphore_Toggle_D4_Task	16	static
../Core/Src/main.c:825:6:Semaphore_Toggle_D3_Task	16	static
../Core/Src/main.c:837:6:SW_Timer_Countdown	16	static
../Core/Src/main.c:863:6:HAL_TIM_PeriodElapsedCallback	16	static
../Core/Src/main.c:885:6:Error_Handler	4	static,ignoring_inline_asm
